// Jest Snapshot v1, https://goo.gl/fbAQLP

exports[`StaffSubmissionController getSubmissionList returns expected data 1`] = `
[
  {
    "id": "214f747f-778a-4d4b-ab3b-5ed0c9410c69",
    "reviews": [
      {
        "created_at": 2024-05-09T14:41:23.551Z,
        "id": "532bd3f4-a0c5-4a97-87a9-19d46981747d",
        "reviewer_name": "User One",
        "status": "STARTED",
      },
    ],
    "status": "UNDER_REVIEW",
    "tags": [
      {
        "id": "1529c4ad-c5f7-404c-b880-6ffc9ad4ca1c",
        "text": "Tag 1",
      },
      {
        "id": "67302e01-4197-47e1-b78e-466064ac5691",
        "text": "Tag 2",
      },
    ],
    "upload_date": 2024-05-08T19:01:48.776Z,
  },
  {
    "id": "be5a2859-8c30-4970-978f-ea30b295ad86",
    "reviews": [
      {
        "created_at": 2024-05-10T15:26:08.739Z,
        "id": "cbb5b46a-ad3b-4a5f-954f-bff18024d1d6",
        "reviewer_name": "User Two",
        "status": "REJECTED",
      },
    ],
    "status": "REJECTED",
    "tags": [],
    "upload_date": 2024-05-10T13:05:18.691Z,
  },
]
`;
